**********************
Windows PowerShell transcript start
Start time: 20260910165018
Username: IVERSON_ACER\iveri
RunAs User: IVERSON_ACER\iveri
Configuration Name: 
Machine: IVERSON_ACER (Microsoft Windows NT 10.0.26200.0)
Host Application: C:\Windows\System32\WindowsPowerShell\v1.0\powershell.exe
Process ID: 42756
PSVersion: 5.1.26100.9444
PSEdition: Desktop
PSCompatibleVersions: 1.0, 2.0, 3.0, 4.0, 5.0, 5.1.26100.9444
BuildVersion: 10.0.26100.9444
CLRVersion: 4.0.30319.42000
WSManStackVersion: 3.0
PSRemotingProtocolVersion: 2.3
SerializationVersion: 1.1.0.1
**********************
Target: disk 1 PNY USB 2.0 FD 28.9 GB
ISO: C:\Users\iveri\dev\custom-linux-arch\praetor\iso\out\praetor-2026.09.10-x86_64-personal.iso (6996 MB)
  written 257 / 6,996 MB
  written 513 / 6,996 MB
  written 769 / 6,996 MB
  written 1,025 / 6,996 MB
  written 1,281 / 6,996 MB
  written 1,537 / 6,996 MB
  written 1,793 / 6,996 MB
  written 2,049 / 6,996 MB
  written 2,305 / 6,996 MB
  written 2,561 / 6,996 MB
  written 2,817 / 6,996 MB
  written 3,073 / 6,996 MB
  written 3,329 / 6,996 MB
  written 3,585 / 6,996 MB
  written 3,841 / 6,996 MB
  written 4,097 / 6,996 MB
  written 4,353 / 6,996 MB
  written 4,609 / 6,996 MB
  written 4,865 / 6,996 MB
  written 5,121 / 6,996 MB
  written 5,377 / 6,996 MB
  written 5,633 / 6,996 MB
  written 5,889 / 6,996 MB
  written 6,145 / 6,996 MB
  written 6,401 / 6,996 MB
  written 6,657 / 6,996 MB
  written 6,913 / 6,996 MB
Raw write complete: 7336198144 bytes (MBR written last)
Skipping CIDATA partition (-NoCidata).
FLASH_OK
**********************
Windows PowerShell transcript end
End time: 20260910170847
**********************
